Error line 36 - Jersey num 89 does not exist.
Error line 42 - Jersey num 89 does not exist.
