Error line 37 - There's already a player on the same position as Tight End Two.
Error line 43 - Tight End Two wasn't positioned.
