The following identifier { Stop } - line 42 was not recognized.
Please, check again if it was correctly written or if there's something missing.
Compiling ended.
