Error line 19 - Only 11 players are possible in football.
Error line 42 - Wide Receiver Two wasn't positioned.
