Error line 18 - The snap must happen between 0 and 100 yards.
