Error line 19 - Only 11 players are possible in football.
Error line 44 - Wide Receiver Three wasn't positioned.
